........................................................................ [  9%]
.....